Analysis initiated from SIMULIA established products
Abaqus JOB Task3_B_Cantilever_2Elem
Abaqus 2026
Abaqus License Manager checked out the following licenses:
Abaqus/Standard checked out 5 tokens from Flexnet server satoru.
<9994 out of 9999 licenses remain available>.
Begin Analysis Input File Processor
2026/5/18 10:52:59
Run pre.exe
2026/5/18 10:53:07
End Analysis Input File Processor
Begin Abaqus/Standard Analysis
2026/5/18 10:53:07
Run standard.exe
2026/5/18 10:53:15
End Abaqus/Standard Analysis
Begin SIM Wrap-up
2026/5/18 10:53:15
Run SMASimUtility.exe
2026/5/18 10:53:15
End SIM Wrap-up
Abaqus JOB Task3_B_Cantilever_2Elem COMPLETED
