Analysis initiated from SIMULIA established products
Abaqus JOB Task3_B_Cantilever_1Elem
Abaqus 2026
Abaqus License Manager checked out the following licenses:
Abaqus/Standard checked out 5 tokens from Flexnet server satoru.
<9994 out of 9999 licenses remain available>.
Begin Analysis Input File Processor
2026/5/18 10:52:35
Run pre.exe
2026/5/18 10:52:42
End Analysis Input File Processor
Begin Abaqus/Standard Analysis
2026/5/18 10:52:42
Run standard.exe
2026/5/18 10:52:50
End Abaqus/Standard Analysis
Begin SIM Wrap-up
2026/5/18 10:52:50
Run SMASimUtility.exe
2026/5/18 10:52:50
End SIM Wrap-up
Abaqus JOB Task3_B_Cantilever_1Elem COMPLETED
