Analysis initiated from SIMULIA established products
Abaqus JOB task9_rect_plate_tension
Abaqus 2026
Abaqus License Manager checked out the following licenses:
Abaqus/Standard checked out 5 tokens from Flexnet server satoru.
<9994 out of 9999 licenses remain available>.
Begin Analysis Input File Processor
2026/6/3 10:54:33
Run pre.exe
2026/6/3 10:54:40
End Analysis Input File Processor
Begin Abaqus/Standard Analysis
2026/6/3 10:54:40
Run standard.exe
2026/6/3 10:54:48
End Abaqus/Standard Analysis
Begin SIM Wrap-up
2026/6/3 10:54:48
Run SMASimUtility.exe
2026/6/3 10:54:48
End SIM Wrap-up
Abaqus JOB task9_rect_plate_tension COMPLETED
