Analysis initiated from SIMULIA established products
Abaqus JOB ExampleC_SpaceFrame
Abaqus 2026
Abaqus License Manager checked out the following licenses:
Abaqus/Standard checked out 5 tokens from Flexnet server satoru.
<9994 out of 9999 licenses remain available>.
Begin Analysis Input File Processor
2026/5/20 11:29:12
Run pre.exe
2026/5/20 11:29:21
End Analysis Input File Processor
Begin Abaqus/Standard Analysis
2026/5/20 11:29:21
Run standard.exe
2026/5/20 11:29:30
End Abaqus/Standard Analysis
Begin SIM Wrap-up
2026/5/20 11:29:30
Run SMASimUtility.exe
2026/5/20 11:29:30
End SIM Wrap-up
Abaqus JOB ExampleC_SpaceFrame COMPLETED
