Analysis initiated from SIMULIA established products
Abaqus JOB ExampleC_SpaceFrame_SFSM
Abaqus 2026
Abaqus License Manager checked out the following licenses:
Abaqus/Standard checked out 5 tokens from Flexnet server satoru.
<9994 out of 9999 licenses remain available>.
Begin Analysis Input File Processor
2026/5/21 0:36:42
Run pre.exe
2026/5/21 0:36:55
End Analysis Input File Processor
Begin Abaqus/Standard Analysis
2026/5/21 0:36:55
Run standard.exe
2026/5/21 0:37:08
End Abaqus/Standard Analysis
Begin SIM Wrap-up
2026/5/21 0:37:08
Run SMASimUtility.exe
2026/5/21 0:37:08
End SIM Wrap-up
Abaqus JOB ExampleC_SpaceFrame_SFSM COMPLETED
