Analysis initiated from SIMULIA established products
Abaqus JOB Task7_Axial_Bar_2Elem
Abaqus 2026
Abaqus License Manager checked out the following licenses:
Abaqus/Standard checked out 5 tokens from Flexnet server satoru.
<9994 out of 9999 licenses remain available>.
Begin Analysis Input File Processor
2026/5/25 10:23:43
Run pre.exe
2026/5/25 10:23:50
End Analysis Input File Processor
Begin Abaqus/Standard Analysis
2026/5/25 10:23:50
Run standard.exe
2026/5/25 10:23:58
End Abaqus/Standard Analysis
Begin SIM Wrap-up
2026/5/25 10:23:58
Run SMASimUtility.exe
2026/5/25 10:23:58
End SIM Wrap-up
Abaqus JOB Task7_Axial_Bar_2Elem COMPLETED
