1
0
1
ASSEMBLY
1
CIRCULARCANTILEVER-1
CIRCULARCANTILEVER
1
CIRCULARCANTILEVER-1
9
1 1
2 2
3 3
4 4
5 5
6 6
7 7
8 8
9 9
-2147483647
0
1
CIRCULARCANTILEVER-1
8
1 1
2 2
3 3
4 4
5 5
6 6
7 7
8 8
-2147483647
0
1
BEAM
0
1
0
1
CIRCULARCANTILEVER-1
8
1 2 3 4 5 6 7 8 
0
1
CIRCULARCANTILEVER-1
1
_PICKEDSET2
0
2
8
1 2 3 4 5 6 7 8 
0
0
0
3
BEAM
0
1
0
1
CIRCULARCANTILEVER-1
9
1 2 3 4 5 6 7 8 9 
0
FIXED_END
0
1
0
1
CIRCULARCANTILEVER-1
1
1 
0
FREE_END
0
1
0
1
CIRCULARCANTILEVER-1
1
9 
0
1
CIRCULARCANTILEVER-1
1
_PICKEDSET2
0
2
9
1 2 3 4 5 6 7 8 9 
0
0
0
0
0
