Analysis initiated from SIMULIA established products
Abaqus JOB ExampleB_8Elem
Abaqus 2026
Abaqus License Manager checked out the following licenses:
Abaqus/Standard checked out 5 tokens from Flexnet server satoru.
<9994 out of 9999 licenses remain available>.
Begin Analysis Input File Processor
2026/5/18 10:32:17
Run pre.exe
2026/5/18 10:32:24
End Analysis Input File Processor
Begin Abaqus/Standard Analysis
2026/5/18 10:32:24
Run standard.exe
2026/5/18 10:32:32
End Abaqus/Standard Analysis
Begin SIM Wrap-up
2026/5/18 10:32:32
Run SMASimUtility.exe
2026/5/18 10:32:32
End SIM Wrap-up
Abaqus JOB ExampleB_8Elem COMPLETED
