Analysis initiated from SIMULIA established products
Abaqus JOB Task5_Cantilever_Beam_Job
Abaqus 2026
Abaqus License Manager checked out the following licenses:
Abaqus/Standard checked out 5 tokens from Flexnet server satoru.
<9994 out of 9999 licenses remain available>.
Begin Analysis Input File Processor
2026/5/13 14:31:07
Run pre.exe
2026/5/13 14:31:15
End Analysis Input File Processor
Begin Abaqus/Standard Analysis
2026/5/13 14:31:15
Run standard.exe
2026/5/13 14:31:22
End Abaqus/Standard Analysis
Begin SIM Wrap-up
2026/5/13 14:31:23
Run SMASimUtility.exe
2026/5/13 14:31:23
End SIM Wrap-up
Abaqus JOB Task5_Cantilever_Beam_Job COMPLETED
